<html>
<body>
<pre>
<h1>µVision Build Log</h1>
<h2>Tool Versions:</h2>
IDE-Version: µVision V5.20.0.0
Copyright (C) 2016 ARM Ltd and ARM Germany GmbH. All rights reserved.
License Information: Eslam fayad, banha, LIC=WPP8I-T8HM1-CK7BY-Z24IB-4A0BF-SCMQS
 
Tool Versions:
Toolchain:       DK-ARM Developers Kit  Version: 5.20
Toolchain Path:  C:\Keil_v5\ARM\ARMCC\Bin
C Compiler:      Armcc.exe V5.06 update 2 (build 183)
Assembler:       Armasm.exe V5.06 update 2 (build 183)
Linker/Locator:  ArmLink.exe V5.06 update 2 (build 183)
Library Manager: ArmAr.exe V5.06 update 2 (build 183)
Hex Converter:   FromElf.exe V5.06 update 2 (build 183)
CPU DLL:         SARMCM3.DLL V5.20
Dialog DLL:      DCM.DLL V1.13.7.0
Target DLL:      lmidk-agdi.dll V???
Dialog DLL:      TCM.DLL V1.14.9.0
 
<h2>Project:</h2>
D:\FWD_ARM_DIPLOMA\FWD_PROJECTS\3-LED_Timer\TIMER_LED.uvprojx
Project File Date:  09/22/2022

<h2>Output:</h2>
*** Using Compiler 'V5.06 update 2 (build 183)', folder: 'C:\Keil_v5\ARM\ARMCC\Bin'
Rebuild target 'Target 1'
assembling startup_TM4C123.s...
compiling TIMERS_program.c...
compiling GPIO_program.c...
compiling SYSCNTRL_program.c...
MCAL\MCU\SYSCNTRL_program.c(160): warning:  #1081-D: conversion from integer to smaller pointer
  		
ET_BIT(RCC,29);
MCAL\MCU\SYSCNTRL_program.c(164): warning:  #1081-D: conversion from integer to smaller pointer
  			
CC |= (0x0<<17);
MCAL\MCU\SYSCNTRL_program.c(167): warning:  #1081-D: conversion from integer to smaller pointer
  			
CC |= (0x1<<17);
MCAL\MCU\SYSCNTRL_program.c(170): warning:  #1081-D: conversion from integer to smaller pointer
  			
CC |= (0x2<<17);
MCAL\MCU\SYSCNTRL_program.c(173): warning:  #1081-D: conversion from integer to smaller pointer
  			
CC |= (0x3<<17);
MCAL\MCU\SYSCNTRL_program.c(176): warning:  #1081-D: conversion from integer to smaller pointer
  			
CC |= (0x4<<17);
MCAL\MCU\SYSCNTRL_program.c(179): warning:  #1081-D: conversion from integer to smaller pointer
  			
CC |= (0x5<<17);
MCAL\MCU\SYSCNTRL_program.c: 7 warnings, 0 errors
compiling main.c...
compiling system_TM4C123.c...
compiling NVIC_program.c...
linking...
Program Size: Code=1560 RO-data=636 RW-data=0 ZI-data=608  
".\Objects\TIMER_LED.axf" - 0 Error(s), 7 Warning(s).

<h2>Software Packages used:</h2>

Package Vendor: ARM
                http://www.keil.com/pack/ARM.CMSIS.5.8.0.pack
                ARM::CMSIS:CORE:5.5.0
                CMSIS (Common Microcontroller Software Interface Standard)
   * Component: CORE Version: 5.5.0

Package Vendor: Keil
                http://www.keil.com/pack/Keil.TM4C_DFP.1.1.0.pack
                Keil::Device:Startup:1.0.1
                Texas Instruments Tiva C Series Device Support and Examples
   * Component: Startup Version: 1.0.1

<h2>Collection of Component include folders:</h2>
  D:\FWD_ARM_DIPLOMA\FWD_PROJECTS\3-LED_Timer\RTE
  C:\Keil_v5\ARM\PACK\ARM\CMSIS\5.8.0\CMSIS\Core\Include
  C:\Keil_v5\ARM\PACK\Keil\TM4C_DFP\1.1.0\Device\Include\TM4C123

<h2>Collection of Component Files used:</h2>

   * Component: ARM::CMSIS:CORE:5.5.0
      Include file:  CMSIS\Core\Include\tz_context.h
      Source file:   CMSIS\Core\Template\ARMv8-M\main_s.c
      Source file:   CMSIS\Core\Template\ARMv8-M\tz_context.c

   * Component: Keil::Device:Startup:1.0.1
      Source file:   Device\Source\system_TM4C123.c
      Include file:  Device\Include\TM4C123\TM4C123.h
      Source file:   Device\Source\ARM\startup_TM4C123.s
Build Time Elapsed:  00:00:01
</pre>
</body>
</html>
